[selfhost-only-gate] 0/3 builtin parity (#415 B-3)
[builtin-parity] ok: linear serves 187, gc serves 96, both 93, classified divergence 97 (linear-only 94, gc-only 3)
[selfhost-only-gate] 1/3 bundle sync
selfhost bundle sync: ok
[selfhost-only-gate] 2/3 module-source sync (via seed)
selfhost module source sync: ok
[selfhost-only-gate] 3/3 moon-free selfbuild seed->stage1->stage2->stage3
[selfhost-gen] prepare flat selfhost compiler source
[selfhost-gen] validate stage0
[selfhost-gen] stage0(seed) -> stage1 (invoke cli_main)
0
[selfhost-gen] validate stage1
[selfhost-gen] stage1 -> stage2 (invoke cli_main)
0
[selfhost-gen] validate stage2
[selfhost-gen] validate stage1 compiler -> sample (invoke cli_main)
0
[selfhost-gen] validate stage2 compiler -> sample (invoke cli_main)
0
[selfhost-gen] stage2 -> stage3 (invoke cli_main)
0
[selfhost-gen] validate stage3
[selfhost-gen] validate stage3 compiler -> sample (invoke cli_main)
0
[selfhost-gen] wrote _build/selfhost/generations/version-directive-2026-07-05_440d871/generation.json
[selfhost-gen] stage2 candidate: _build/selfhost/generations/version-directive-2026-07-05_440d871/stage2.wasm
[selfhost-only-gate] fixpoint ok: stage2==stage3 (58926394175c)
[rc-bootstrap] reusing existing generation manifest: _build/selfhost/generations/version-directive-2026-07-05_440d871/generation.json
[rc-bootstrap] OK: whole compiler compiles as one unit under RC; stage2==stage3 fixpoint holds
[selfhost-only-gate] 4/4 multi-file FS-compile regression
0
[selfhost-only-gate] multi-file FS-compile ok (42)
[selfhost-only-gate] 4b deep-recursion effect resume regression (#737)
[selfhost-only-gate] deep-recursion effect resume ok (42)
[selfhost-only-gate] 5/5 test-block compile+run regression
[selfhost-only-gate] test-block regression ok
[selfhost-only-gate] 6/6 normalize compile+run regression
[selfhost-only-gate] normalize regression ok
[selfhost-only-gate] 6b contract package + boundary regression (#729)
[selfhost-only-gate] contract package + boundary regression ok
[selfhost-only-gate] 6c content-addressed store regression (#730)
[selfhost-only-gate] content-addressed store regression ok
[selfhost-only-gate] 6h workspace lib/ package resolution (#751)
[selfhost-only-gate] workspace lib/ package resolution ok
[selfhost-only-gate] 6i VIBE_LIB external roots + freeze (#751)
[selfhost-only-gate] VIBE_LIB external roots + freeze ok
[selfhost-only-gate] 6j distribution pipeline: publish/cache/materialize (#754)
[selfhost-only-gate] distribution pipeline ok
[selfhost-only-gate] 6k registry-less git resolution (#755 Phase 0)
[selfhost-only-gate] registry-less git resolution ok
[selfhost-only-gate] 6d where-contract + publish gate regression (#731/#732)
[selfhost-only-gate] where-contract + publish gate regression ok
[selfhost-only-gate] 6f @vibe/core store-install E2E
[selfhost-only-gate] @vibe/core store-install E2E ok
[selfhost-only-gate] 7/7 literal sub-pattern regression
[selfhost-only-gate] literal sub-pattern regression ok
[selfhost-only-gate] 8/8 labeled-param round-trip regression
[selfhost-only-gate] labeled-param round-trip regression ok
[selfhost-only-gate] 9/9 constant-folding regression
[selfhost-only-gate] constant-folding regression ok
[selfhost-only-gate] 10/10 nested ctor sub-pattern regression
[selfhost-only-gate] nested ctor sub-pattern regression ok
[selfhost-only-gate] 11/11 forward-reference regression
[selfhost-only-gate] forward-reference regression ok
[selfhost-only-gate] 12/12 string-interpolation conversion regression
[selfhost-only-gate] string-interpolation conversion regression ok
[selfhost-only-gate] 13/13 coverage instrumentation regression
[selfhost-only-gate] coverage instrumentation regression ok
[selfhost-only-gate] 14/14 method-bearing-trait dict-passing regression
[selfhost-only-gate] method-bearing-trait dict-passing regression ok
[selfhost-only-gate] 14b/14 rank-1 trait-method generics regression (#684)
[selfhost-only-gate] rank-1 trait-method generics regression ok
[selfhost-only-gate] 15/15 derive(Ord/Show) structural-generation regression
[selfhost-only-gate] derive(Ord/Show) structural-generation regression ok
[selfhost-only-gate] 15b/15 extended derive (enum Ord/Show, Default, Hash)
[selfhost-only-gate] extended derive (enum Ord/Show, Default, Hash) ok
[selfhost-only-gate] 15c/15 railway let*/? Option generalization (#635)
[selfhost-only-gate] railway let*/? Option generalization ok
[selfhost-only-gate] 15d/15 derive(Hash) transparent Map keys (#694)
[selfhost-only-gate] derive(Hash) transparent Map keys ok
[selfhost-only-gate] 16/16 trait-type-parameter / Iterator regression
[selfhost-only-gate] trait-type-parameter / Iterator regression ok
[selfhost-only-gate] 17/17 lazy iterator combinators regression
[selfhost-only-gate] lazy iterator combinators regression ok
[selfhost-only-gate] 18/18 cross-import trait-iterator regression
[selfhost-only-gate] cross-import trait-iterator regression ok
[selfhost-only-gate] 19/19 for-await unification regression
[selfhost-only-gate] for-await unification regression ok
[selfhost-only-gate] 20/20 cross-import trait-iterator element-type regression
[selfhost-only-gate] cross-import trait-iterator element-type regression ok
[selfhost-only-gate] 21/21 prelude iterator combinator suites
[selfhost-only-gate] prelude iterator combinator suites ok
[selfhost-only-gate] 22/22 generic trait impl (Increment A)
[selfhost-only-gate] generic trait impl (Increment A) ok
[selfhost-only-gate] 23/23 generic trait impl (Increment B, dict-of-dict)
[selfhost-only-gate] generic trait impl (Increment B, dict-of-dict) ok
[selfhost-only-gate] 24/24 async-lifted component execution (wasmtime)
[selfhost-only-gate] async-lifted component execution (wasmtime 45.0.2) -> 42 ok
[selfhost-only-gate] 25/25 nested literal sub-pattern discrimination
[selfhost-only-gate] nested literal sub-pattern discrimination ok
[selfhost-only-gate] 26/26 effect-call discipline (perform + builtin)
[selfhost-only-gate] effect-call discipline ok
[selfhost-only-gate] 27/27 handle effect discharge
[selfhost-only-gate] handle effect discharge ok
[selfhost-only-gate] 27b/27 effect op signature checking (#813)
[selfhost-only-gate] effect op signature checking ok
[selfhost-only-gate] 27c/27 index bounds checks (#811)
[selfhost-only-gate] index bounds checks ok
[selfhost-only-gate] 27d/27 for-await classification (#827)
[selfhost-only-gate] for-await classification ok
[selfhost-only-gate] 28/28 argument type checking
[selfhost-only-gate] argument type checking ok
[selfhost-only-gate] 29/29 assignment / binding / if-branch / struct-field / local-let type checking
[selfhost-only-gate] assignment / binding / if-branch / struct-field / local-let type checking ok
[selfhost-only-gate] 30/30 mut-field write escape analysis
[selfhost-only-gate] mut-field write escape analysis ok
[selfhost-only-gate] 31/31 match-arm / array / non-fn-call / unary-not / for-iterable type checking
[selfhost-only-gate] match-arm / array / non-fn-call / unary-not / for-iterable type checking ok
[selfhost-only-gate] 32/32 mutability discipline (immutable let reassignment)
[selfhost-only-gate] mutability discipline ok
[selfhost-only-gate] 32b/32 mutability discipline completeness (nested forms)
[selfhost-only-gate] mutability discipline completeness ok
[selfhost-only-gate] 33/33 constructor-pattern arity / scrutinee type checking
[selfhost-only-gate] constructor-pattern arity / scrutinee type checking ok
[selfhost-only-gate] 34/34 indexing / tuple-projection type checking
[selfhost-only-gate] indexing / tuple-projection type checking ok
[selfhost-only-gate] 34b/35 match-arm guard dispatch (#666)
[selfhost-only-gate] match-arm guard dispatch ok (122)
[selfhost-only-gate] 35/35 match exhaustiveness (enum variant coverage)
[selfhost-only-gate] match exhaustiveness ok
[selfhost-only-gate] 36/36 literal-pattern type checking
[selfhost-only-gate] literal-pattern type checking ok
[selfhost-only-gate] 37/37 unary-minus / break-outside-loop checking
[selfhost-only-gate] unary-minus / break-outside-loop checking ok
[selfhost-only-gate] 38/38 tuple-pattern destructuring type checking
[selfhost-only-gate] tuple-pattern destructuring type checking ok
[selfhost-only-gate] 39/39 multi-feature end-to-end smoke
[selfhost-only-gate] multi-feature end-to-end smoke ok (10/153/6/111/11111/321/3021/11111/4321/7654321/148/4321/4321/78/4321/4321)
[selfhost-only-gate] 40/40 V128 SIMD intrinsics compile+run
[selfhost-only-gate] V128 SIMD intrinsics ok
[selfhost-only-gate] 40b/40 fused SIMD whitespace skip (simd_skip_ws)
[selfhost-only-gate] fused SIMD whitespace skip ok
[selfhost-only-gate] 40c/40 region capture (mut captured inside struct literal etc.)
[selfhost-only-gate] region capture ok
[selfhost-only-gate] 40d/40 RC reclamation leak guard (tuple+cell+closure+enum+loop-consume)
[selfhost-only-gate] RC reclamation leak guard ok (heap_used=424 B at N=20000)
[selfhost-only-gate] 40e/40 V128 SIMD intrinsics compile+run under RC
[selfhost-only-gate] V128 SIMD intrinsics under RC ok
[selfhost-only-gate] 40f/40 RC shadow-liveness regression guard (#715 shapes)
[selfhost-only-gate] RC shadow-liveness regression guard ok (122489)
[selfhost-only-gate] 40g/40 #cfg conditional compilation
[selfhost-only-gate] #cfg conditional compilation ok (dev=102 release=2)
[selfhost-only-gate] 40h/40 wasm-gc backend smoke
[selfhost-only-gate] wasm-gc backend smoke ok (101520)
[selfhost-only-gate] 40i/40 effect->WIT golden (#537)
[selfhost-only-gate] effect->WIT golden ok
[selfhost-only-gate] 40j/40 serve handler componentization (#537)
[selfhost-only-gate] serve handler componentization ok (invoked on wasmtime)
[selfhost-only-gate] ok
GATE_EXIT=0
